Release 14.7 - xst P.20131013 (lin64)
Copyright (c) 1995-2013 Xilinx, Inc.  All rights reserved.
--> 
Parameter TMPDIR set to xst/projnav.tmp


Total REAL time to Xst completion: 0.00 secs
Total CPU time to Xst completion: 0.18 secs
 
--> 
Parameter xsthdpdir set to xst


Total REAL time to Xst completion: 0.00 secs
Total CPU time to Xst completion: 0.19 secs
 
--> 
Reading design: blink.prj

TABLE OF CONTENTS
  1) Synthesis Options Summary
  2) HDL Parsing
  3) HDL Elaboration
  4) HDL Synthesis
       4.1) HDL Synthesis Report
  5) Advanced HDL Synthesis
       5.1) Advanced HDL Synthesis Report
  6) Low Level Synthesis
  7) Partition Report
  8) Design Summary
       8.1) Primitive and Black Box Usage
       8.2) Device utilization summary
       8.3) Partition Resource Summary
       8.4) Timing Report
            8.4.1) Clock Information
            8.4.2) Asynchronous Control Signals Information
            8.4.3) Timing Summary
            8.4.4) Timing Details
            8.4.5) Cross Clock Domains Report


=========================================================================
*                      Synthesis Options Summary                        *
=========================================================================
---- Source Parameters
Input File Name                    : "blink.prj"
Ignore Synthesis Constraint File   : NO

---- Target Parameters
Output File Name                   : "blink"
Output Format                      : NGC
Target Device                      : xc6slx16-3-ftg256

---- Source Options
Top Module Name                    : blink
Automatic FSM Extraction           : YES
FSM Encoding Algorithm             : Auto
Safe Implementation                : No
FSM Style                          : LUT
RAM Extraction                     : Yes
RAM Style                          : Auto
ROM Extraction                     : Yes
Shift Register Extraction          : YES
ROM Style                          : Auto
Resource Sharing                   : YES
Asynchronous To Synchronous        : NO
Shift Register Minimum Size        : 2
Use DSP Block                      : Auto
Automatic Register Balancing       : No

---- Target Options
LUT Combining                      : Auto
Reduce Control Sets                : Auto
Add IO Buffers                     : YES
Global Maximum Fanout              : 100000
Add Generic Clock Buffer(BUFG)     : 16
Register Duplication               : YES
Optimize Instantiated Primitives   : NO
Use Clock Enable                   : Auto
Use Synchronous Set                : Auto
Use Synchronous Reset              : Auto
Pack IO Registers into IOBs        : Auto
Equivalent register Removal        : YES

---- General Options
Optimization Goal                  : Speed
Optimization Effort                : 1
Power Reduction                    : NO
Keep Hierarchy                     : No
Netlist Hierarchy                  : As_Optimized
RTL Output                         : Yes
Global Optimization                : AllClockNets
Read Cores                         : YES
Write Timing Constraints           : NO
Cross Clock Analysis               : NO
Hierarchy Separator                : /
Bus Delimiter                      : <>
Case Specifier                     : Maintain
Slice Utilization Ratio            : 100
BRAM Utilization Ratio             : 100
DSP48 Utilization Ratio            : 100
Auto BRAM Packing                  : NO
Slice Utilization Ratio Delta      : 5

=========================================================================


=========================================================================
*                          HDL Parsing                                  *
=========================================================================
Analyzing Verilog file "/files/programming/fpga/xilinx/spartin6/stateMachine/blink.v" into library work
Parsing module <slow_clock>.
Parsing module <blink>.

=========================================================================
*                            HDL Elaboration                            *
=========================================================================

Elaborating module <blink>.

Elaborating module <slow_clock>.

=========================================================================
*                           HDL Synthesis                               *
=========================================================================

Synthesizing Unit <blink>.
    Related source file is "/files/programming/fpga/xilinx/spartin6/stateMachine/blink.v".
    Found 6-bit register for signal <count>.
    Found 1-bit register for signal <dir>.
    Found 6-bit subtractor for signal <count[5]_GND_1_o_sub_7_OUT> created at line 49.
    Found 6-bit adder for signal <count[5]_GND_1_o_add_5_OUT> created at line 48.
    Summary:
	inferred   1 Adder/Subtractor(s).
	inferred   7 D-type flip-flop(s).
Unit <blink> synthesized.

Synthesizing Unit <slow_clock>.
    Related source file is "/files/programming/fpga/xilinx/spartin6/stateMachine/blink.v".
    Found 1-bit register for signal <preout>.
    Found 22-bit register for signal <count>.
    Found 22-bit adder for signal <count[21]_GND_2_o_add_1_OUT> created at line 10.
    Summary:
	inferred   1 Adder/Subtractor(s).
	inferred  23 D-type flip-flop(s).
Unit <slow_clock> synthesized.

=========================================================================
HDL Synthesis Report

Macro Statistics
# Adders/Subtractors                                   : 2
 22-bit adder                                          : 1
 6-bit addsub                                          : 1
# Registers                                            : 4
 1-bit register                                        : 2
 22-bit register                                       : 1
 6-bit register                                        : 1

=========================================================================

=========================================================================
*                       Advanced HDL Synthesis                          *
=========================================================================


Synthesizing (advanced) Unit <blink>.
The following registers are absorbed into counter <count>: 1 register on signal <count>.
Unit <blink> synthesized (advanced).

Synthesizing (advanced) Unit <slow_clock>.
The following registers are absorbed into counter <count>: 1 register on signal <count>.
Unit <slow_clock> synthesized (advanced).

=========================================================================
Advanced HDL Synthesis Report

Macro Statistics
# Counters                                             : 2
 22-bit up counter                                     : 1
 6-bit updown counter                                  : 1
# Registers                                            : 2
 Flip-Flops                                            : 2

=========================================================================

=========================================================================
*                         Low Level Synthesis                           *
=========================================================================

Optimizing unit <blink> ...

Mapping all equations...
Building and optimizing final netlist ...
Found area constraint ratio of 100 (+ 5) on block blink, actual ratio is 0.

Final Macro Processing ...

=========================================================================
Final Register Report

Macro Statistics
# Registers                                            : 30
 Flip-Flops                                            : 30

=========================================================================

=========================================================================
*                           Partition Report                            *
=========================================================================

Partition Implementation Status
-------------------------------

  No Partitions were found in this design.

-------------------------------

=========================================================================
*                            Design Summary                             *
=========================================================================

Top Level Output File Name         : blink.ngc

Primitive and Black Box Usage:
------------------------------
# BELS                             : 84
#      GND                         : 1
#      INV                         : 3
#      LUT1                        : 21
#      LUT3                        : 1
#      LUT4                        : 2
#      LUT5                        : 2
#      LUT6                        : 8
#      MUXCY                       : 21
#      MUXF7                       : 2
#      VCC                         : 1
#      XORCY                       : 22
# FlipFlops/Latches                : 30
#      FD                          : 30
# Clock Buffers                    : 1
#      BUFGP                       : 1
# IO Buffers                       : 10
#      OBUF                        : 10

Device utilization summary:
---------------------------

Selected Device : 6slx16ftg256-3 


Slice Logic Utilization: 
 Number of Slice Registers:              30  out of  18224     0%  
 Number of Slice LUTs:                   37  out of   9112     0%  
    Number used as Logic:                37  out of   9112     0%  

Slice Logic Distribution: 
 Number of LUT Flip Flop pairs used:     37
   Number with an unused Flip Flop:       7  out of     37    18%  
   Number with an unused LUT:             0  out of     37     0%  
   Number of fully used LUT-FF pairs:    30  out of     37    81%  
   Number of unique control sets:         3

IO Utilization: 
 Number of IOs:                          11
 Number of bonded IOBs:                  11  out of    186     5%  

Specific Feature Utilization:
 Number of BUFG/BUFGCTRLs:                1  out of     16     6%  

---------------------------
Partition Resource Summary:
---------------------------

  No Partitions were found in this design.

---------------------------


=========================================================================
Timing Report

NOTE: THESE TIMING NUMBERS ARE ONLY A SYNTHESIS ESTIMATE.
      FOR ACCURATE TIMING INFORMATION PLEASE REFER TO THE TRACE REPORT
      GENERATED AFTER PLACE-and-ROUTE.

Clock Information:
------------------
-----------------------------------+------------------------+-------+
Clock Signal                       | Clock buffer(FF name)  | Load  |
-----------------------------------+------------------------+-------+
clocker/preout                     | NONE(count_0)          | 7     |
clk                                | BUFGP                  | 23    |
-----------------------------------+------------------------+-------+
INFO:Xst:2169 - HDL ADVISOR - Some clock signals were not automatically buffered by XST with BUFG/BUFR resources. Please use the buffer_type constraint in order to insert these buffers to the clock signals to help prevent skew problems.

Asynchronous Control Signals Information:
----------------------------------------
No asynchronous control signals found in this design

Timing Summary:
---------------
Speed Grade: -3

   Minimum period: 3.961ns (Maximum Frequency: 252.430MHz)
   Minimum input arrival time before clock: No path found
   Maximum output required time after clock: 3.874ns
   Maximum combinational path delay: No path found

Timing Details:
---------------
All values displayed in nanoseconds (ns)

=========================================================================
Timing constraint: Default period analysis for Clock 'clocker/preout'
  Clock period: 3.961ns (frequency: 252.430MHz)
  Total number of paths / destination ports: 45 / 7
-------------------------------------------------------------------------
Delay:               1.981ns (Levels of Logic = 2)
  Source:            count_4 (FF)
  Destination:       dir (FF)
  Source Clock:      clocker/preout falling
  Destination Clock: clocker/preout rising

  Data Path: count_4 to dir
                                Gate     Net
    Cell:in->out      fanout   Delay   Delay  Logical Name (Net Name)
    ----------------------------------------  ------------
     FD:C->Q               6   0.447   1.089  count_4 (count_4)
     LUT6:I1->O            1   0.203   0.000  dir_glue_rst_G (N12)
     MUXF7:I1->O           1   0.140   0.000  dir_glue_rst (dir_glue_rst)
     FD:D                      0.102          dir
    ----------------------------------------
    Total                      1.981ns (0.892ns logic, 1.089ns route)
                                       (45.0% logic, 55.0% route)

=========================================================================
Timing constraint: Default period analysis for Clock 'clk'
  Clock period: 2.763ns (frequency: 361.912MHz)
  Total number of paths / destination ports: 276 / 23
-------------------------------------------------------------------------
Delay:               2.763ns (Levels of Logic = 2)
  Source:            clocker/count_1 (FF)
  Destination:       clocker/preout (FF)
  Source Clock:      clk rising
  Destination Clock: clk rising

  Data Path: clocker/count_1 to clocker/preout
                                Gate     Net
    Cell:in->out      fanout   Delay   Delay  Logical Name (Net Name)
    ----------------------------------------  ------------
     FD:C->Q               2   0.447   0.981  clocker/count_1 (clocker/count_1)
     LUT6:I0->O            1   0.203   0.827  clocker/GND_2_o_GND_2_o_equal_3_o<21>1 (clocker/GND_2_o_GND_2_o_equal_3_o<21>)
     LUT5:I1->O            1   0.203   0.000  clocker/preout_rstpot (clocker/preout_rstpot)
     FD:D                      0.102          clocker/preout
    ----------------------------------------
    Total                      2.763ns (0.955ns logic, 1.808ns route)
                                       (34.6% logic, 65.4% route)

=========================================================================
Timing constraint: Default OFFSET OUT AFTER for Clock 'clocker/preout'
  Total number of paths / destination ports: 6 / 6
-------------------------------------------------------------------------
Offset:              3.874ns (Levels of Logic = 1)
  Source:            count_0 (FF)
  Destination:       U8_59 (PAD)
  Source Clock:      clocker/preout falling

  Data Path: count_0 to U8_59
                                Gate     Net
    Cell:in->out      fanout   Delay   Delay  Logical Name (Net Name)
    ----------------------------------------  ------------
     FD:C->Q              10   0.447   0.856  count_0 (count_0)
     OBUF:I->O                 2.571          U8_59_OBUF (U8_59)
    ----------------------------------------
    Total                      3.874ns (3.018ns logic, 0.856ns route)
                                       (77.9% logic, 22.1% route)

=========================================================================

Cross Clock Domains Report:
--------------------------

Clock to Setup on destination clock clk
---------------+---------+---------+---------+---------+
               | Src:Rise| Src:Fall| Src:Rise| Src:Fall|
Source Clock   |Dest:Rise|Dest:Rise|Dest:Fall|Dest:Fall|
---------------+---------+---------+---------+---------+
clk            |    2.763|         |         |         |
---------------+---------+---------+---------+---------+

Clock to Setup on destination clock clocker/preout
---------------+---------+---------+---------+---------+
               | Src:Rise| Src:Fall| Src:Rise| Src:Fall|
Source Clock   |Dest:Rise|Dest:Rise|Dest:Fall|Dest:Fall|
---------------+---------+---------+---------+---------+
clocker/preout |    2.030|    1.981|    2.190|         |
---------------+---------+---------+---------+---------+

=========================================================================


Total REAL time to Xst completion: 26.00 secs
Total CPU time to Xst completion: 23.43 secs
 
--> 


Total memory usage is 372792 kilobytes

Number of errors   :    0 (   0 filtered)
Number of warnings :    0 (   0 filtered)
Number of infos    :    1 (   0 filtered)

