Release 14.7 - xst P.20131013 (lin64)
Copyright (c) 1995-2013 Xilinx, Inc.  All rights reserved.
--> 
Parameter TMPDIR set to xst/projnav.tmp


Total REAL time to Xst completion: 0.00 secs
Total CPU time to Xst completion: 0.20 secs
 
--> 
Parameter xsthdpdir set to xst


Total REAL time to Xst completion: 0.00 secs
Total CPU time to Xst completion: 0.20 secs
 
--> 
Reading design: blink.prj

TABLE OF CONTENTS
  1) Synthesis Options Summary
  2) HDL Parsing
  3) HDL Elaboration
  4) HDL Synthesis
       4.1) HDL Synthesis Report
  5) Advanced HDL Synthesis
       5.1) Advanced HDL Synthesis Report
  6) Low Level Synthesis
  7) Partition Report
  8) Design Summary
       8.1) Primitive and Black Box Usage
       8.2) Device utilization summary
       8.3) Partition Resource Summary
       8.4) Timing Report
            8.4.1) Clock Information
            8.4.2) Asynchronous Control Signals Information
            8.4.3) Timing Summary
            8.4.4) Timing Details
            8.4.5) Cross Clock Domains Report


=========================================================================
*                      Synthesis Options Summary                        *
=========================================================================
---- Source Parameters
Input File Name                    : "blink.prj"
Ignore Synthesis Constraint File   : NO

---- Target Parameters
Output File Name                   : "blink"
Output Format                      : NGC
Target Device                      : xc6slx16-3-ftg256

---- Source Options
Top Module Name                    : blink
Automatic FSM Extraction           : YES
FSM Encoding Algorithm             : Auto
Safe Implementation                : No
FSM Style                          : LUT
RAM Extraction                     : Yes
RAM Style                          : Auto
ROM Extraction                     : Yes
Shift Register Extraction          : YES
ROM Style                          : Auto
Resource Sharing                   : YES
Asynchronous To Synchronous        : NO
Shift Register Minimum Size        : 2
Use DSP Block                      : Auto
Automatic Register Balancing       : No

---- Target Options
LUT Combining                      : Auto
Reduce Control Sets                : Auto
Add IO Buffers                     : YES
Global Maximum Fanout              : 100000
Add Generic Clock Buffer(BUFG)     : 16
Register Duplication               : YES
Optimize Instantiated Primitives   : NO
Use Clock Enable                   : Auto
Use Synchronous Set                : Auto
Use Synchronous Reset              : Auto
Pack IO Registers into IOBs        : Auto
Equivalent register Removal        : YES

---- General Options
Optimization Goal                  : Speed
Optimization Effort                : 1
Power Reduction                    : NO
Keep Hierarchy                     : No
Netlist Hierarchy                  : As_Optimized
RTL Output                         : Yes
Global Optimization                : AllClockNets
Read Cores                         : YES
Write Timing Constraints           : NO
Cross Clock Analysis               : NO
Hierarchy Separator                : /
Bus Delimiter                      : <>
Case Specifier                     : Maintain
Slice Utilization Ratio            : 100
BRAM Utilization Ratio             : 100
DSP48 Utilization Ratio            : 100
Auto BRAM Packing                  : NO
Slice Utilization Ratio Delta      : 5

=========================================================================


=========================================================================
*                          HDL Parsing                                  *
=========================================================================
Analyzing Verilog file "/files/programming/fpga/xilinx/spartin6/stateMachine/blink.v" into library work
Parsing module <blink>.

=========================================================================
*                            HDL Elaboration                            *
=========================================================================

Elaborating module <blink>.
WARNING:HDLCompiler:413 - "/files/programming/fpga/xilinx/spartin6/stateMachine/blink.v" Line 70: Result of 32-bit expression is truncated to fit in 1-bit target.

=========================================================================
*                           HDL Synthesis                               *
=========================================================================

Synthesizing Unit <blink>.
    Related source file is "/files/programming/fpga/xilinx/spartin6/stateMachine/blink.v".
    Found 1-bit register for signal <dir>.
    Found 6-bit register for signal <count>.
    Found 20-bit register for signal <clkdown>.
    Found 6-bit subtractor for signal <count[5]_GND_1_o_sub_10_OUT> created at line 65.
    Found 20-bit adder for signal <clkdown[19]_GND_1_o_add_1_OUT> created at line 45.
    Found 6-bit adder for signal <count[5]_GND_1_o_add_8_OUT> created at line 64.
    Found 6-bit comparator greater for signal <count[5]_clkdown[5]_LessThan_13_o> created at line 70
    Summary:
	inferred   2 Adder/Subtractor(s).
	inferred  27 D-type flip-flop(s).
	inferred   1 Comparator(s).
Unit <blink> synthesized.

=========================================================================
HDL Synthesis Report

Macro Statistics
# Adders/Subtractors                                   : 2
 20-bit adder                                          : 1
 6-bit addsub                                          : 1
# Registers                                            : 3
 1-bit register                                        : 1
 20-bit register                                       : 1
 6-bit register                                        : 1
# Comparators                                          : 1
 6-bit comparator greater                              : 1

=========================================================================

=========================================================================
*                       Advanced HDL Synthesis                          *
=========================================================================


Synthesizing (advanced) Unit <blink>.
The following registers are absorbed into counter <count>: 1 register on signal <count>.
The following registers are absorbed into counter <clkdown>: 1 register on signal <clkdown>.
Unit <blink> synthesized (advanced).

=========================================================================
Advanced HDL Synthesis Report

Macro Statistics
# Counters                                             : 2
 20-bit up counter                                     : 1
 6-bit updown counter                                  : 1
# Registers                                            : 1
 Flip-Flops                                            : 1
# Comparators                                          : 1
 6-bit comparator greater                              : 1

=========================================================================

=========================================================================
*                         Low Level Synthesis                           *
=========================================================================
WARNING:Xst:2677 - Node <clkdown_19> of sequential type is unconnected in block <blink>.

Optimizing unit <blink> ...

Mapping all equations...
Building and optimizing final netlist ...
Found area constraint ratio of 100 (+ 5) on block blink, actual ratio is 0.

Final Macro Processing ...

=========================================================================
Final Register Report

Macro Statistics
# Registers                                            : 26
 Flip-Flops                                            : 26

=========================================================================

=========================================================================
*                           Partition Report                            *
=========================================================================

Partition Implementation Status
-------------------------------

  No Partitions were found in this design.

-------------------------------

=========================================================================
*                            Design Summary                             *
=========================================================================

Top Level Output File Name         : blink.ngc

Primitive and Black Box Usage:
------------------------------
# BELS                             : 73
#      GND                         : 1
#      INV                         : 3
#      LUT1                        : 18
#      LUT3                        : 2
#      LUT4                        : 1
#      LUT5                        : 2
#      LUT6                        : 6
#      MUXCY                       : 18
#      MUXF7                       : 2
#      VCC                         : 1
#      XORCY                       : 19
# FlipFlops/Latches                : 26
#      FD                          : 26
# Clock Buffers                    : 1
#      BUFGP                       : 1
# IO Buffers                       : 10
#      OBUF                        : 10

Device utilization summary:
---------------------------

Selected Device : 6slx16ftg256-3 


Slice Logic Utilization: 
 Number of Slice Registers:              26  out of  18224     0%  
 Number of Slice LUTs:                   32  out of   9112     0%  
    Number used as Logic:                32  out of   9112     0%  

Slice Logic Distribution: 
 Number of LUT Flip Flop pairs used:     32
   Number with an unused Flip Flop:       6  out of     32    18%  
   Number with an unused LUT:             0  out of     32     0%  
   Number of fully used LUT-FF pairs:    26  out of     32    81%  
   Number of unique control sets:         3

IO Utilization: 
 Number of IOs:                          11
 Number of bonded IOBs:                  11  out of    186     5%  

Specific Feature Utilization:
 Number of BUFG/BUFGCTRLs:                1  out of     16     6%  

---------------------------
Partition Resource Summary:
---------------------------

  No Partitions were found in this design.

---------------------------


=========================================================================
Timing Report

NOTE: THESE TIMING NUMBERS ARE ONLY A SYNTHESIS ESTIMATE.
      FOR ACCURATE TIMING INFORMATION PLEASE REFER TO THE TRACE REPORT
      GENERATED AFTER PLACE-and-ROUTE.

Clock Information:
------------------
-----------------------------------+------------------------+-------+
Clock Signal                       | Clock buffer(FF name)  | Load  |
-----------------------------------+------------------------+-------+
clk                                | BUFGP                  | 19    |
clkdown_18                         | NONE(count_0)          | 7     |
-----------------------------------+------------------------+-------+
INFO:Xst:2169 - HDL ADVISOR - Some clock signals were not automatically buffered by XST with BUFG/BUFR resources. Please use the buffer_type constraint in order to insert these buffers to the clock signals to help prevent skew problems.

Asynchronous Control Signals Information:
----------------------------------------
No asynchronous control signals found in this design

Timing Summary:
---------------
Speed Grade: -3

   Minimum period: 4.019ns (Maximum Frequency: 248.800MHz)
   Minimum input arrival time before clock: No path found
   Maximum output required time after clock: 6.873ns
   Maximum combinational path delay: No path found

Timing Details:
---------------
All values displayed in nanoseconds (ns)

=========================================================================
Timing constraint: Default period analysis for Clock 'clk'
  Clock period: 2.046ns (frequency: 488.699MHz)
  Total number of paths / destination ports: 190 / 19
-------------------------------------------------------------------------
Delay:               2.046ns (Levels of Logic = 20)
  Source:            clkdown_0 (FF)
  Destination:       clkdown_18 (FF)
  Source Clock:      clk rising
  Destination Clock: clk rising

  Data Path: clkdown_0 to clkdown_18
                                Gate     Net
    Cell:in->out      fanout   Delay   Delay  Logical Name (Net Name)
    ----------------------------------------  ------------
     FD:C->Q               2   0.447   0.616  clkdown_0 (clkdown_0)
     INV:I->O              1   0.206   0.000  Mcount_clkdown_lut<0>_INV_0 (Mcount_clkdown_lut<0>)
     MUXCY:S->O            1   0.172   0.000  Mcount_clkdown_cy<0> (Mcount_clkdown_cy<0>)
     MUXCY:CI->O           1   0.019   0.000  Mcount_clkdown_cy<1> (Mcount_clkdown_cy<1>)
     MUXCY:CI->O           1   0.019   0.000  Mcount_clkdown_cy<2> (Mcount_clkdown_cy<2>)
     MUXCY:CI->O           1   0.019   0.000  Mcount_clkdown_cy<3> (Mcount_clkdown_cy<3>)
     MUXCY:CI->O           1   0.019   0.000  Mcount_clkdown_cy<4> (Mcount_clkdown_cy<4>)
     MUXCY:CI->O           1   0.019   0.000  Mcount_clkdown_cy<5> (Mcount_clkdown_cy<5>)
     MUXCY:CI->O           1   0.019   0.000  Mcount_clkdown_cy<6> (Mcount_clkdown_cy<6>)
     MUXCY:CI->O           1   0.019   0.000  Mcount_clkdown_cy<7> (Mcount_clkdown_cy<7>)
     MUXCY:CI->O           1   0.019   0.000  Mcount_clkdown_cy<8> (Mcount_clkdown_cy<8>)
     MUXCY:CI->O           1   0.019   0.000  Mcount_clkdown_cy<9> (Mcount_clkdown_cy<9>)
     MUXCY:CI->O           1   0.019   0.000  Mcount_clkdown_cy<10> (Mcount_clkdown_cy<10>)
     MUXCY:CI->O           1   0.019   0.000  Mcount_clkdown_cy<11> (Mcount_clkdown_cy<11>)
     MUXCY:CI->O           1   0.019   0.000  Mcount_clkdown_cy<12> (Mcount_clkdown_cy<12>)
     MUXCY:CI->O           1   0.019   0.000  Mcount_clkdown_cy<13> (Mcount_clkdown_cy<13>)
     MUXCY:CI->O           1   0.019   0.000  Mcount_clkdown_cy<14> (Mcount_clkdown_cy<14>)
     MUXCY:CI->O           1   0.019   0.000  Mcount_clkdown_cy<15> (Mcount_clkdown_cy<15>)
     MUXCY:CI->O           1   0.019   0.000  Mcount_clkdown_cy<16> (Mcount_clkdown_cy<16>)
     MUXCY:CI->O           0   0.019   0.000  Mcount_clkdown_cy<17> (Mcount_clkdown_cy<17>)
     XORCY:CI->O           1   0.180   0.000  Mcount_clkdown_xor<18> (Result<18>)
     FD:D                      0.102          clkdown_18
    ----------------------------------------
    Total                      2.046ns (1.430ns logic, 0.616ns route)
                                       (69.9% logic, 30.1% route)

=========================================================================
Timing constraint: Default period analysis for Clock 'clkdown_18'
  Clock period: 4.019ns (frequency: 248.800MHz)
  Total number of paths / destination ports: 45 / 7
-------------------------------------------------------------------------
Delay:               2.010ns (Levels of Logic = 2)
  Source:            count_4 (FF)
  Destination:       dir (FF)
  Source Clock:      clkdown_18 falling
  Destination Clock: clkdown_18 rising

  Data Path: count_4 to dir
                                Gate     Net
    Cell:in->out      fanout   Delay   Delay  Logical Name (Net Name)
    ----------------------------------------  ------------
     FD:C->Q               7   0.447   1.118  count_4 (count_4)
     LUT6:I1->O            1   0.203   0.000  dir_glue_rst_G (N14)
     MUXF7:I1->O           1   0.140   0.000  dir_glue_rst (dir_glue_rst)
     FD:D                      0.102          dir
    ----------------------------------------
    Total                      2.010ns (0.892ns logic, 1.118ns route)
                                       (44.4% logic, 55.6% route)

=========================================================================
Timing constraint: Default OFFSET OUT AFTER for Clock 'clkdown_18'
  Total number of paths / destination ports: 12 / 7
-------------------------------------------------------------------------
Offset:              6.873ns (Levels of Logic = 4)
  Source:            count_2 (FF)
  Destination:       U8_45 (PAD)
  Source Clock:      clkdown_18 falling

  Data Path: count_2 to U8_45
                                Gate     Net
    Cell:in->out      fanout   Delay   Delay  Logical Name (Net Name)
    ----------------------------------------  ------------
     FD:C->Q               9   0.447   1.174  count_2 (count_2)
     LUT6:I1->O            1   0.203   0.684  count[5]_clkdown[5]_LessThan_13_o1 (count[5]_clkdown[5]_LessThan_13_o1)
     LUT3:I1->O            1   0.203   0.808  _n0059_SW0 (N4)
     LUT5:I2->O            1   0.205   0.579  _n0059 (U8_45_OBUF)
     OBUF:I->O                 2.571          U8_45_OBUF (U8_45)
    ----------------------------------------
    Total                      6.873ns (3.629ns logic, 3.244ns route)
                                       (52.8% logic, 47.2% route)

=========================================================================
Timing constraint: Default OFFSET OUT AFTER for Clock 'clk'
  Total number of paths / destination ports: 6 / 1
-------------------------------------------------------------------------
Offset:              6.681ns (Levels of Logic = 4)
  Source:            clkdown_2 (FF)
  Destination:       U8_45 (PAD)
  Source Clock:      clk rising

  Data Path: clkdown_2 to U8_45
                                Gate     Net
    Cell:in->out      fanout   Delay   Delay  Logical Name (Net Name)
    ----------------------------------------  ------------
     FD:C->Q               2   0.447   0.981  clkdown_2 (clkdown_2)
     LUT6:I0->O            1   0.203   0.684  count[5]_clkdown[5]_LessThan_13_o1 (count[5]_clkdown[5]_LessThan_13_o1)
     LUT3:I1->O            1   0.203   0.808  _n0059_SW0 (N4)
     LUT5:I2->O            1   0.205   0.579  _n0059 (U8_45_OBUF)
     OBUF:I->O                 2.571          U8_45_OBUF (U8_45)
    ----------------------------------------
    Total                      6.681ns (3.629ns logic, 3.052ns route)
                                       (54.3% logic, 45.7% route)

=========================================================================

Cross Clock Domains Report:
--------------------------

Clock to Setup on destination clock clk
---------------+---------+---------+---------+---------+
               | Src:Rise| Src:Fall| Src:Rise| Src:Fall|
Source Clock   |Dest:Rise|Dest:Rise|Dest:Fall|Dest:Fall|
---------------+---------+---------+---------+---------+
clk            |    2.046|         |         |         |
---------------+---------+---------+---------+---------+

Clock to Setup on destination clock clkdown_18
---------------+---------+---------+---------+---------+
               | Src:Rise| Src:Fall| Src:Rise| Src:Fall|
Source Clock   |Dest:Rise|Dest:Rise|Dest:Fall|Dest:Fall|
---------------+---------+---------+---------+---------+
clkdown_18     |    2.030|    2.010|    2.216|         |
---------------+---------+---------+---------+---------+

=========================================================================


Total REAL time to Xst completion: 26.00 secs
Total CPU time to Xst completion: 23.11 secs
 
--> 


Total memory usage is 372788 kilobytes

Number of errors   :    0 (   0 filtered)
Number of warnings :    2 (   0 filtered)
Number of infos    :    1 (   0 filtered)

